kotlin version: 2.0.21
error message: org.jetbrains.kotlin.backend.common.BackendException: Backend Internal error: Exception during IR lowering
File being compiled: C:/Users/cyh01/AndroidStudioProjects/HOU/app/src/main/java/com/example/hou/flood.kt
The root cause java.lang.RuntimeException was thrown at: org.jetbrains.kotlin.backend.jvm.codegen.FunctionCodegen.generate(FunctionCodegen.kt:47)
	at org.jetbrains.kotlin.backend.common.CodegenUtil.reportBackendException(CodegenUtil.kt:253)
	at org.jetbrains.kotlin.backend.common.CodegenUtil.reportBackendException$default(CodegenUtil.kt:236)
	at org.jetbrains.kotlin.backend.common.phaser.PerformByIrFilePhase.invokeSequential(performByIrFile.kt:65)
	at org.jetbrains.kotlin.backend.common.phaser.PerformByIrFilePhase.invoke(performByIrFile.kt:52)
	at org.jetbrains.kotlin.backend.common.phaser.PerformByIrFilePhase.invoke(performByIrFile.kt:38)
	at org.jetbrains.kotlin.backend.common.phaser.NamedCompilerPhase.phaseBody(CompilerPhase.kt:166)
	at org.jetbrains.kotlin.backend.common.phaser.AbstractNamedCompilerPhase.invoke(CompilerPhase.kt:113)
	at org.jetbrains.kotlin.backend.common.phaser.CompositePhase.invoke(PhaseBuilders.kt:27)
	at org.jetbrains.kotlin.backend.common.phaser.CompositePhase.invoke(PhaseBuilders.kt:14)
	at org.jetbrains.kotlin.backend.common.phaser.NamedCompilerPhase.phaseBody(CompilerPhase.kt:166)
	at org.jetbrains.kotlin.backend.common.phaser.AbstractNamedCompilerPhase.invoke(CompilerPhase.kt:113)
	at org.jetbrains.kotlin.backend.common.phaser.CompilerPhaseKt.invokeToplevel(CompilerPhase.kt:62)
	at org.jetbrains.kotlin.backend.jvm.JvmIrCodegenFactory.invokeCodegen(JvmIrCodegenFactory.kt:371)
	at org.jetbrains.kotlin.codegen.CodegenFactory.generateModule(CodegenFactory.kt:47)
	at org.jetbrains.kotlin.backend.jvm.JvmIrCodegenFactory.generateModuleInFrontendIRMode(JvmIrCodegenFactory.kt:433)
	at org.jetbrains.kotlin.cli.jvm.compiler.pipeline.JvmCompilerPipelineKt.generateCodeFromIr(jvmCompilerPipeline.kt:246)
	at org.jetbrains.kotlin.cli.jvm.compiler.pipeline.JvmCompilerPipelineKt.compileModulesUsingFrontendIrAndLightTree(jvmCompilerPipeline.kt:142)
	at org.jetbrains.kotlin.cli.jvm.K2JVMCompiler.doExecute(K2JVMCompiler.kt:148)
	at org.jetbrains.kotlin.cli.jvm.K2JVMCompiler.doExecute(K2JVMCompiler.kt:43)
	at org.jetbrains.kotlin.cli.common.CLICompiler.execImpl(CLICompiler.kt:103)
	at org.jetbrains.kotlin.cli.common.CLICompiler.execImpl(CLICompiler.kt:49)
	at org.jetbrains.kotlin.cli.common.CLITool.exec(CLITool.kt:101)
	at org.jetbrains.kotlin.incremental.IncrementalJvmCompilerRunner.runCompiler(IncrementalJvmCompilerRunner.kt:464)
	at org.jetbrains.kotlin.incremental.IncrementalJvmCompilerRunner.runCompiler(IncrementalJvmCompilerRunner.kt:73)
	at org.jetbrains.kotlin.incremental.IncrementalCompilerRunner.doCompile(IncrementalCompilerRunner.kt:506)
	at org.jetbrains.kotlin.incremental.IncrementalCompilerRunner.compileImpl(IncrementalCompilerRunner.kt:423)
	at org.jetbrains.kotlin.incremental.IncrementalCompilerRunner.tryCompileIncrementally$lambda$9$compile(IncrementalCompilerRunner.kt:249)
	at org.jetbrains.kotlin.incremental.IncrementalCompilerRunner.tryCompileIncrementally(IncrementalCompilerRunner.kt:267)
	at org.jetbrains.kotlin.incremental.IncrementalCompilerRunner.compile(IncrementalCompilerRunner.kt:120)
	at org.jetbrains.kotlin.daemon.CompileServiceImplBase.execIncrementalCompiler(CompileServiceImpl.kt:675)
	at org.jetbrains.kotlin.daemon.CompileServiceImplBase.access$execIncrementalCompiler(CompileServiceImpl.kt:92)
	at org.jetbrains.kotlin.daemon.CompileServiceImpl.compile(CompileServiceImpl.kt:1660)
	at java.base/jdk.internal.reflect.DirectMethodHandleAccessor.invoke(Unknown Source)
	at java.base/java.lang.reflect.Method.invoke(Unknown Source)
	at java.rmi/sun.rmi.server.UnicastServerRef.dispatch(Unknown Source)
	at java.rmi/sun.rmi.transport.Transport$1.run(Unknown Source)
	at java.rmi/sun.rmi.transport.Transport$1.run(Unknown Source)
	at java.base/java.security.AccessController.doPrivileged(Unknown Source)
	at java.rmi/sun.rmi.transport.Transport.serviceCall(Unknown Source)
	at java.rmi/sun.rmi.transport.tcp.TCPTransport.handleMessages(Unknown Source)
	at java.rmi/sun.rmi.transport.tcp.TCPTransport$ConnectionHandler.run0(Unknown Source)
	at java.rmi/sun.rmi.transport.tcp.TCPTransport$ConnectionHandler.lambda$run$0(Unknown Source)
	at java.base/java.security.AccessController.doPrivileged(Unknown Source)
	at java.rmi/sun.rmi.transport.tcp.TCPTransport$ConnectionHandler.run(Unknown Source)
	at java.base/java.util.concurrent.ThreadPoolExecutor.runWorker(Unknown Source)
	at java.base/java.util.concurrent.ThreadPoolExecutor$Worker.run(Unknown Source)
	at java.base/java.lang.Thread.run(Unknown Source)
Caused by: java.lang.RuntimeException: Exception while generating code for:
FUN name:createRectPolygon visibility:private modality:FINAL <> ($this:com.example.hou.FloodManager, center:com.skt.tmap.TMapPoint, sizeMeter:kotlin.Double, risk:kotlin.Int) returnType:com.skt.tmap.overlay.TMapPolygon
  $this: VALUE_PARAMETER name:<this> type:com.example.hou.FloodManager
  VALUE_PARAMETER name:center index:0 type:com.skt.tmap.TMapPoint
  VALUE_PARAMETER name:sizeMeter index:1 type:kotlin.Double
  VALUE_PARAMETER name:risk index:2 type:kotlin.Int
  BLOCK_BODY
    VAR name:halfSize type:kotlin.Double [val]
      CALL 'public final fun div (other: kotlin.Double): kotlin.Double [operator] declared in kotlin.Double' type=kotlin.Double origin=DIV
        $this: GET_VAR 'sizeMeter: kotlin.Double declared in com.example.hou.FloodManager.createRectPolygon' type=kotlin.Double origin=null
        other: CONST Double type=kotlin.Double value=2.0
    VAR name:latDelta type:kotlin.Double [val]
      CALL 'public final fun div (other: kotlin.Double): kotlin.Double [operator] declared in kotlin.Double' type=kotlin.Double origin=DIV
        $this: GET_VAR 'val halfSize: kotlin.Double [val] declared in com.example.hou.FloodManager.createRectPolygon' type=kotlin.Double origin=null
        other: CONST Double type=kotlin.Double value=111000.0
    VAR name:lonDelta type:kotlin.Double [val]
      CALL 'public final fun div (other: kotlin.Double): kotlin.Double [operator] declared in kotlin.Double' type=kotlin.Double origin=DIV
        $this: GET_VAR 'val halfSize: kotlin.Double [val] declared in com.example.hou.FloodManager.createRectPolygon' type=kotlin.Double origin=null
        other: CALL 'public final fun times (other: kotlin.Double): kotlin.Double [operator] declared in kotlin.Double' type=kotlin.Double origin=MUL
          $this: CONST Double type=kotlin.Double value=111000.0
          other: CALL 'public open fun cos (p0: kotlin.Double): kotlin.Double declared in java.lang.Math' type=kotlin.Double origin=null
            p0: CALL 'public open fun toRadians (p0: kotlin.Double): kotlin.Double declared in java.lang.Math' type=kotlin.Double origin=null
              p0: CALL 'public open fun getLatitude (): kotlin.Double declared in com.skt.tmap.TMapPoint' type=kotlin.Double origin=GET_PROPERTY
                $this: GET_VAR 'center: com.skt.tmap.TMapPoint declared in com.example.hou.FloodManager.createRectPolygon' type=com.skt.tmap.TMapPoint origin=null
    VAR name:polygon type:com.skt.tmap.overlay.TMapPolygon [val]
      CALL 'public final fun apply <T> (block: @[ExtensionFunctionType] kotlin.Function1<T of kotlin.StandardKt.apply, kotlin.Unit>): T of kotlin.StandardKt.apply [inline] declared in kotlin.StandardKt' type=com.skt.tmap.overlay.TMapPolygon origin=null
        <T>: com.skt.tmap.overlay.TMapPolygon
        $receiver: CONSTRUCTOR_CALL 'public constructor <init> () declared in com.skt.tmap.overlay.TMapPolygon' type=com.skt.tmap.overlay.TMapPolygon origin=null
        block: BLOCK type=@[ExtensionFunctionType] kotlin.Function1<com.skt.tmap.overlay.TMapPolygon, kotlin.Unit> origin=LAMBDA
          COMPOSITE type=kotlin.Unit origin=null
          FUNCTION_REFERENCE 'private final fun createRectPolygon$lambda$1 ($center: com.skt.tmap.TMapPoint, $latDelta: kotlin.Double, $lonDelta: kotlin.Double, $risk: kotlin.Int): kotlin.Unit declared in com.example.hou.FloodManager' type=@[ExtensionFunctionType] kotlin.Function1<com.skt.tmap.overlay.TMapPolygon, kotlin.Unit> origin=INLINE_LAMBDA reflectionTarget=null
            $center: GET_VAR 'center: com.skt.tmap.TMapPoint declared in com.example.hou.FloodManager.createRectPolygon' type=com.skt.tmap.TMapPoint origin=null
            $latDelta: GET_VAR 'val latDelta: kotlin.Double [val] declared in com.example.hou.FloodManager.createRectPolygon' type=kotlin.Double origin=null
            $lonDelta: GET_VAR 'val lonDelta: kotlin.Double [val] declared in com.example.hou.FloodManager.createRectPolygon' type=kotlin.Double origin=null
            $risk: GET_VAR 'risk: kotlin.Int declared in com.example.hou.FloodManager.createRectPolygon' type=kotlin.Int origin=null
    RETURN type=kotlin.Nothing from='private final fun createRectPolygon (center: com.skt.tmap.TMapPoint, sizeMeter: kotlin.Double, risk: kotlin.Int): com.skt.tmap.overlay.TMapPolygon declared in com.example.hou.FloodManager'
      GET_VAR 'val polygon: com.skt.tmap.overlay.TMapPolygon [val] declared in com.example.hou.FloodManager.createRectPolygon' type=com.skt.tmap.overlay.TMapPolygon origin=null

	at org.jetbrains.kotlin.backend.jvm.codegen.FunctionCodegen.generate(FunctionCodegen.kt:47)
	at org.jetbrains.kotlin.backend.jvm.codegen.FunctionCodegen.generate$default(FunctionCodegen.kt:40)
	at org.jetbrains.kotlin.backend.jvm.codegen.ClassCodegen.generateMethodNode(ClassCodegen.kt:406)
	at org.jetbrains.kotlin.backend.jvm.codegen.ClassCodegen.generateMethod(ClassCodegen.kt:423)
	at org.jetbrains.kotlin.backend.jvm.codegen.ClassCodegen.generate(ClassCodegen.kt:168)
	at org.jetbrains.kotlin.backend.jvm.FileCodegen.lower(JvmPhases.kt:39)
	at org.jetbrains.kotlin.backend.common.phaser.PhaseFactoriesKt.createFilePhase$lambda$4(PhaseFactories.kt:71)
	at org.jetbrains.kotlin.backend.common.phaser.PhaseBuildersKt$createSimpleNamedCompilerPhase$1.phaseBody(PhaseBuilders.kt:69)
	at org.jetbrains.kotlin.backend.common.phaser.SimpleNamedCompilerPhase.phaseBody(CompilerPhase.kt:226)
	at org.jetbrains.kotlin.backend.common.phaser.AbstractNamedCompilerPhase.invoke(CompilerPhase.kt:113)
	at org.jetbrains.kotlin.backend.common.phaser.PerformByIrFilePhase.invokeSequential(performByIrFile.kt:62)
	... 44 more
Caused by: java.lang.RuntimeException: Exception while generating code for:
FUN INLINE_LAMBDA name:createRectPolygon$lambda$1 visibility:private modality:FINAL <> ($receiver:com.skt.tmap.overlay.TMapPolygon, $center:com.skt.tmap.TMapPoint, $latDelta:kotlin.Double, $lonDelta:kotlin.Double, $risk:kotlin.Int) returnType:kotlin.Unit
  $receiver: VALUE_PARAMETER name:$this$apply type:com.skt.tmap.overlay.TMapPolygon
  VALUE_PARAMETER BOUND_VALUE_PARAMETER name:$center index:0 type:com.skt.tmap.TMapPoint
  VALUE_PARAMETER BOUND_VALUE_PARAMETER name:$latDelta index:1 type:kotlin.Double
  VALUE_PARAMETER BOUND_VALUE_PARAMETER name:$lonDelta index:2 type:kotlin.Double
  VALUE_PARAMETER BOUND_VALUE_PARAMETER name:$risk index:3 type:kotlin.Int
  BLOCK_BODY
    VAR name:$i$a$-apply-FloodManager$createRectPolygon$polygon$1 type:kotlin.Int [val]
      CONST Int type=kotlin.Int value=0
    CALL 'public open fun addPolygonPoint (p0: @[FlexibleNullability] com.skt.tmap.TMapPoint?): kotlin.Unit declared in com.skt.tmap.overlay.TMapPolygon' type=kotlin.Unit origin=null
      $this: GET_VAR '$this$apply: com.skt.tmap.overlay.TMapPolygon declared in com.example.hou.FloodManager.createRectPolygon$lambda$1' type=com.skt.tmap.overlay.TMapPolygon origin=null
      p0: CONSTRUCTOR_CALL 'public constructor <init> (p0: kotlin.Double, p1: kotlin.Double) declared in com.skt.tmap.TMapPoint' type=com.skt.tmap.TMapPoint origin=null
        p0: CALL 'public final fun plus (other: kotlin.Double): kotlin.Double [operator] declared in kotlin.Double' type=kotlin.Double origin=PLUS
          $this: CALL 'public open fun getLatitude (): kotlin.Double declared in com.skt.tmap.TMapPoint' type=kotlin.Double origin=GET_PROPERTY
            $this: GET_VAR '$center: com.skt.tmap.TMapPoint declared in com.example.hou.FloodManager.createRectPolygon$lambda$1' type=com.skt.tmap.TMapPoint origin=null
          other: GET_VAR '$latDelta: kotlin.Double declared in com.example.hou.FloodManager.createRectPolygon$lambda$1' type=kotlin.Double origin=null
        p1: CALL 'public final fun minus (other: kotlin.Double): kotlin.Double [operator] declared in kotlin.Double' type=kotlin.Double origin=MINUS
          $this: CALL 'public open fun getLongitude (): kotlin.Double declared in com.skt.tmap.TMapPoint' type=kotlin.Double origin=GET_PROPERTY
            $this: GET_VAR '$center: com.skt.tmap.TMapPoint declared in com.example.hou.FloodManager.createRectPolygon$lambda$1' type=com.skt.tmap.TMapPoint origin=null
          other: GET_VAR '$lonDelta: kotlin.Double declared in com.example.hou.FloodManager.createRectPolygon$lambda$1' type=kotlin.Double origin=null
    CALL 'public open fun addPolygonPoint (p0: @[FlexibleNullability] com.skt.tmap.TMapPoint?): kotlin.Unit declared in com.skt.tmap.overlay.TMapPolygon' type=kotlin.Unit origin=null
      $this: GET_VAR '$this$apply: com.skt.tmap.overlay.TMapPolygon declared in com.example.hou.FloodManager.createRectPolygon$lambda$1' type=com.skt.tmap.overlay.TMapPolygon origin=null
      p0: CONSTRUCTOR_CALL 'public constructor <init> (p0: kotlin.Double, p1: kotlin.Double) declared in com.skt.tmap.TMapPoint' type=com.skt.tmap.TMapPoint origin=null
        p0: CALL 'public final fun plus (other: kotlin.Double): kotlin.Double [operator] declared in kotlin.Double' type=kotlin.Double origin=PLUS
          $this: CALL 'public open fun getLatitude (): kotlin.Double declared in com.skt.tmap.TMapPoint' type=kotlin.Double origin=GET_PROPERTY
            $this: GET_VAR '$center: com.skt.tmap.TMapPoint declared in com.example.hou.FloodManager.createRectPolygon$lambda$1' type=com.skt.tmap.TMapPoint origin=null
          other: GET_VAR '$latDelta: kotlin.Double declared in com.example.hou.FloodManager.createRectPolygon$lambda$1' type=kotlin.Double origin=null
        p1: CALL 'public final fun plus (other: kotlin.Double): kotlin.Double [operator] declared in kotlin.Double' type=kotlin.Double origin=PLUS
          $this: CALL 'public open fun getLongitude (): kotlin.Double declared in com.skt.tmap.TMapPoint' type=kotlin.Double origin=GET_PROPERTY
            $this: GET_VAR '$center: com.skt.tmap.TMapPoint declared in com.example.hou.FloodManager.createRectPolygon$lambda$1' type=com.skt.tmap.TMapPoint origin=null
          other: GET_VAR '$lonDelta: kotlin.Double declared in com.example.hou.FloodManager.createRectPolygon$lambda$1' type=kotlin.Double origin=null
    CALL 'public open fun addPolygonPoint (p0: @[FlexibleNullability] com.skt.tmap.TMapPoint?): kotlin.Unit declared in com.skt.tmap.overlay.TMapPolygon' type=kotlin.Unit origin=null
      $this: GET_VAR '$this$apply: com.skt.tmap.overlay.TMapPolygon declared in com.example.hou.FloodManager.createRectPolygon$lambda$1' type=com.skt.tmap.overlay.TMapPolygon origin=null
      p0: CONSTRUCTOR_CALL 'public constructor <init> (p0: kotlin.Double, p1: kotlin.Double) declared in com.skt.tmap.TMapPoint' type=com.skt.tmap.TMapPoint origin=null
        p0: CALL 'public final fun minus (other: kotlin.Double): kotlin.Double [operator] declared in kotlin.Double' type=kotlin.Double origin=MINUS
          $this: CALL 'public open fun getLatitude (): kotlin.Double declared in com.skt.tmap.TMapPoint' type=kotlin.Double origin=GET_PROPERTY
            $this: GET_VAR '$center: com.skt.tmap.TMapPoint declared in com.example.hou.FloodManager.createRectPolygon$lambda$1' type=com.skt.tmap.TMapPoint origin=null
          other: GET_VAR '$latDelta: kotlin.Double declared in com.example.hou.FloodManager.createRectPolygon$lambda$1' type=kotlin.Double origin=null
        p1: CALL 'public final fun plus (other: kotlin.Double): kotlin.Double [operator] declared in kotlin.Double' type=kotlin.Double origin=PLUS
          $this: CALL 'public open fun getLongitude (): kotlin.Double declared in com.skt.tmap.TMapPoint' type=kotlin.Double origin=GET_PROPERTY
            $this: GET_VAR '$center: com.skt.tmap.TMapPoint declared in com.example.hou.FloodManager.createRectPolygon$lambda$1' type=com.skt.tmap.TMapPoint origin=null
          other: GET_VAR '$lonDelta: kotlin.Double declared in com.example.hou.FloodManager.createRectPolygon$lambda$1' type=kotlin.Double origin=null
    CALL 'public open fun addPolygonPoint (p0: @[FlexibleNullability] com.skt.tmap.TMapPoint?): kotlin.Unit declared in com.skt.tmap.overlay.TMapPolygon' type=kotlin.Unit origin=null
      $this: GET_VAR '$this$apply: com.skt.tmap.overlay.TMapPolygon declared in com.example.hou.FloodManager.createRectPolygon$lambda$1' type=com.skt.tmap.overlay.TMapPolygon origin=null
      p0: CONSTRUCTOR_CALL 'public constructor <init> (p0: kotlin.Double, p1: kotlin.Double) declared in com.skt.tmap.TMapPoint' type=com.skt.tmap.TMapPoint origin=null
        p0: CALL 'public final fun minus (other: kotlin.Double): kotlin.Double [operator] declared in kotlin.Double' type=kotlin.Double origin=MINUS
          $this: CALL 'public open fun getLatitude (): kotlin.Double declared in com.skt.tmap.TMapPoint' type=kotlin.Double origin=GET_PROPERTY
            $this: GET_VAR '$center: com.skt.tmap.TMapPoint declared in com.example.hou.FloodManager.createRectPolygon$lambda$1' type=com.skt.tmap.TMapPoint origin=null
          other: GET_VAR '$latDelta: kotlin.Double declared in com.example.hou.FloodManager.createRectPolygon$lambda$1' type=kotlin.Double origin=null
        p1: CALL 'public final fun minus (other: kotlin.Double): kotlin.Double [operator] declared in kotlin.Double' type=kotlin.Double origin=MINUS
          $this: CALL 'public open fun getLongitude (): kotlin.Double declared in com.skt.tmap.TMapPoint' type=kotlin.Double origin=GET_PROPERTY
            $this: GET_VAR '$center: com.skt.tmap.TMapPoint declared in com.example.hou.FloodManager.createRectPolygon$lambda$1' type=com.skt.tmap.TMapPoint origin=null
          other: GET_VAR '$lonDelta: kotlin.Double declared in com.example.hou.FloodManager.createRectPolygon$lambda$1' type=kotlin.Double origin=null
    VAR name:red type:kotlin.Int [val]
      CALL 'public open fun toInt (): kotlin.Int declared in kotlin.Double' type=kotlin.Int origin=null
        $this: CALL 'public final fun times (other: kotlin.Double): kotlin.Double [operator] declared in kotlin.Int' type=kotlin.Double origin=MUL
          $this: CONST Int type=kotlin.Int value=255
          other: CALL 'public final fun div (other: kotlin.Double): kotlin.Double [operator] declared in kotlin.Int' type=kotlin.Double origin=DIV
            $this: GET_VAR '$risk: kotlin.Int declared in com.example.hou.FloodManager.createRectPolygon$lambda$1' type=kotlin.Int origin=null
            other: CONST Double type=kotlin.Double value=100.0
    SET_FIELD 'FIELD IR_EXTERNAL_JAVA_DECLARATION_STUB name:fillColor type:kotlin.Int visibility:public [final,static] declared in android.R.attr' type=kotlin.Unit superQualifierSymbol=android.R.attr origin=EQ
      value: CALL 'public open fun argb (p0: kotlin.Int, p1: kotlin.Int, p2: kotlin.Int, p3: kotlin.Int): kotlin.Int declared in android.graphics.Color' type=kotlin.Int origin=null
        p0: CONST Int type=kotlin.Int value=100
        p1: GET_VAR 'val red: kotlin.Int [val] declared in com.example.hou.FloodManager.createRectPolygon$lambda$1' type=kotlin.Int origin=null
        p2: CONST Int type=kotlin.Int value=50
        p3: CONST Int type=kotlin.Int value=50
    SET_FIELD 'FIELD IR_EXTERNAL_JAVA_DECLARATION_STUB name:strokeColor type:kotlin.Int visibility:public [final,static] declared in android.R.attr' type=kotlin.Unit superQualifierSymbol=android.R.attr origin=EQ
      value: CALL 'public open fun argb (p0: kotlin.Int, p1: kotlin.Int, p2: kotlin.Int, p3: kotlin.Int): kotlin.Int declared in android.graphics.Color' type=kotlin.Int origin=null
        p0: CONST Int type=kotlin.Int value=150
        p1: GET_VAR 'val red: kotlin.Int [val] declared in com.example.hou.FloodManager.createRectPolygon$lambda$1' type=kotlin.Int origin=null
        p2: CONST Int type=kotlin.Int value=0
        p3: CONST Int type=kotlin.Int value=0
    SET_FIELD 'FIELD IR_EXTERNAL_JAVA_DECLARATION_STUB name:strokeWidth type:kotlin.Int visibility:public [final,static] declared in android.R.attr' type=kotlin.Unit superQualifierSymbol=android.R.attr origin=EQ
      value: CONST Int type=kotlin.Int value=2

	at org.jetbrains.kotlin.backend.jvm.codegen.FunctionCodegen.generate(FunctionCodegen.kt:47)
	at org.jetbrains.kotlin.backend.jvm.codegen.IrSourceCompilerForInline.generateLambdaBody(IrSourceCompilerForInline.kt:67)
	at org.jetbrains.kotlin.codegen.inline.ExpressionLambda.generateLambdaBody(LambdaInfo.kt:72)
	at org.jetbrains.kotlin.backend.jvm.codegen.IrInlineCodegen.genValueAndPut(IrInlineCodegen.kt:100)
	at org.jetbrains.kotlin.backend.jvm.codegen.ExpressionCodegen.visitCall$handleParameter(ExpressionCodegen.kt:616)
	at org.jetbrains.kotlin.backend.jvm.codegen.ExpressionCodegen.visitCall(ExpressionCodegen.kt:644)
	at org.jetbrains.kotlin.backend.jvm.codegen.ExpressionCodegen.visitCall(ExpressionCodegen.kt:138)
	at org.jetbrains.kotlin.ir.expressions.IrCall.accept(IrCall.kt:24)
	at org.jetbrains.kotlin.backend.jvm.codegen.ExpressionCodegen.visitVariable(ExpressionCodegen.kt:790)
	at org.jetbrains.kotlin.backend.jvm.codegen.ExpressionCodegen.visitVariable(ExpressionCodegen.kt:138)
	at org.jetbrains.kotlin.ir.declarations.IrVariable.accept(IrVariable.kt:36)
	at org.jetbrains.kotlin.backend.jvm.codegen.ExpressionCodegen.visitStatementContainer(ExpressionCodegen.kt:579)
	at org.jetbrains.kotlin.backend.jvm.codegen.ExpressionCodegen.visitBlockBody(ExpressionCodegen.kt:584)
	at org.jetbrains.kotlin.backend.jvm.codegen.ExpressionCodegen.visitBlockBody(ExpressionCodegen.kt:138)
	at org.jetbrains.kotlin.ir.expressions.IrBlockBody.accept(IrBlockBody.kt:20)
	at org.jetbrains.kotlin.backend.jvm.codegen.ExpressionCodegen.generate(ExpressionCodegen.kt:240)
	at org.jetbrains.kotlin.backend.jvm.codegen.FunctionCodegen.doGenerate(FunctionCodegen.kt:123)
	at org.jetbrains.kotlin.backend.jvm.codegen.FunctionCodegen.generate(FunctionCodegen.kt:44)
	... 54 more
Caused by: java.lang.AssertionError: access of const val: SET_FIELD 'FIELD IR_EXTERNAL_JAVA_DECLARATION_STUB name:fillColor type:kotlin.Int visibility:public [final,static] declared in android.R.attr' type=kotlin.Unit superQualifierSymbol=android.R.attr origin=EQ
  value: CALL 'public open fun argb (p0: kotlin.Int, p1: kotlin.Int, p2: kotlin.Int, p3: kotlin.Int): kotlin.Int declared in android.graphics.Color' type=kotlin.Int origin=null
    p0: CONST Int type=kotlin.Int value=100
    p1: GET_VAR 'val red: kotlin.Int [val] declared in com.example.hou.FloodManager.createRectPolygon$lambda$1' type=kotlin.Int origin=null
    p2: CONST Int type=kotlin.Int value=50
    p3: CONST Int type=kotlin.Int value=50

	at org.jetbrains.kotlin.backend.jvm.codegen.ExpressionCodegen.visitFieldAccess(ExpressionCodegen.kt:861)
	at org.jetbrains.kotlin.backend.jvm.codegen.ExpressionCodegen.visitFieldAccess(ExpressionCodegen.kt:138)
	at org.jetbrains.kotlin.ir.visitors.IrElementVisitor$DefaultImpls.visitSetField(IrElementVisitor.kt:206)
	at org.jetbrains.kotlin.backend.jvm.codegen.ExpressionCodegen.visitSetField(ExpressionCodegen.kt:908)
	at org.jetbrains.kotlin.backend.jvm.codegen.ExpressionCodegen.visitSetField(ExpressionCodegen.kt:138)
	at org.jetbrains.kotlin.ir.expressions.IrSetField.accept(IrSetField.kt:21)
	at org.jetbrains.kotlin.backend.jvm.codegen.ExpressionCodegen.visitStatementContainer(ExpressionCodegen.kt:579)
	at org.jetbrains.kotlin.backend.jvm.codegen.ExpressionCodegen.visitBlockBody(ExpressionCodegen.kt:584)
	at org.jetbrains.kotlin.backend.jvm.codegen.ExpressionCodegen.visitBlockBody(ExpressionCodegen.kt:138)
	at org.jetbrains.kotlin.ir.expressions.IrBlockBody.accept(IrBlockBody.kt:20)
	at org.jetbrains.kotlin.backend.jvm.codegen.ExpressionCodegen.generate(ExpressionCodegen.kt:240)
	at org.jetbrains.kotlin.backend.jvm.codegen.FunctionCodegen.doGenerate(FunctionCodegen.kt:123)
	at org.jetbrains.kotlin.backend.jvm.codegen.FunctionCodegen.generate(FunctionCodegen.kt:44)
	... 71 more


